Microchip MPLAB XC8 Compiler V2.46

Linker command line:

-W-3 \
  --edf=C:\Program Files\Microchip\xc8\v2.46\pic\dat\20240104201356_en.msgs \
  -cn -h+dist/default/production\washing_machine_1.X.production.sym \
  --cmf=dist/default/production\washing_machine_1.X.production.cmf -z \
  -Q16F877A -oC:\Users\saisa\AppData\Local\Temp\xcAsjlc.\driver_tmp_3.o \
  --defsym=__MPLAB_BUILD=1 --fixupoverflow=error \
  -Mdist/default/production/washing_machine_1.X.production.map \
  --md=C:\Users\saisa\AppData\Local\Temp\xcAsjlc.\driver_tmp_0.dat -E1 \
  -ver=XC8 Compiler --acfsm=1493 -ACODE=00h-07FFhx4 -ASTRCODE=00h-01FFFh \
  -ASTRING=00h-0FFhx32 -ACONST=00h-0FFhx32 -AENTRY=00h-0FFhx32 \
  -ACOMMON=070h-07Fh -ABANK0=020h-06Fh -ABANK1=0A0h-0EFh \
  -ABANK2=0110h-016Fh -ABANK3=0190h-01EFh \
  -ARAM=020h-06Fh,0A0h-0EFh,0110h-016Fh,0190h-01EFh \
  -AABS1=020h-07Fh,0A0h-0EFh,0110h-016Fh,0190h-01EFh -ASFR0=00h-01Fh \
  -ASFR1=080h-09Fh -ASFR2=0100h-010Fh -ASFR3=0180h-018Fh \
  -ACONFIG=02007h-02007h -DCONFIG=2 -AIDLOC=02000h-02003h -DIDLOC=2 \
  -AEEDATA=00h-0FFh/02100h -peeprom_data=EEDATA -DEEDATA=2 -DCODE=2 \
  -DSTRCODE=2 -DSTRING=2 -DCONST=2 -DENTRY=2 \
  -preset_vec=00h,intentry=04h,sivt,init,end_init -ppowerup=CODE \
  -pcinit=CODE -pfunctab=ENTRY -k \
  C:\Users\saisa\AppData\Local\Temp\xcAsjlc.\driver_tmp_12.o \
  dist/default/production\washing_machine_1.X.production.o 

Object code version is 3.11

Machine type is 16F877A



                Name                               Link     Load   Length Selector   Space Scale
C:\Users\saisa\AppData\Local\Temp\xcAsjlc.\driver_tmp_12.o
                end_init                              C        C        3        8       0
                reset_vec                             0        0        3        0       0
dist/default/production\washing_machine_1.X.production.o
                cinit                                 F        F       2E        8       0
                intentry                              4        4        8        8       0
                text27                             160A     160A       3A     2C14       0
                text26                             1549     1549       20     2A92       0
                text25                             1644     1644       47     2C88       0
                text24                             14FF     14FF        B     29FE       0
                text23                              7F9      7F9        6        8       0
                text22                             150A     150A        D     2A14       0
                text21                              7E3      7E3       16        8       0
                text20                             15DB     15DB       2F     2BB6       0
                text19                              809      809       15     1012       0
                text18                              81E      81E       78     103C       0
                text17                             173A     173A       5F     2E74       0
                text16                             1799     1799       67     2F32       0
                text15                             16E1     16E1       59     2DC2       0
                text14                              90E      90E       A4     121C       0
                text13                             15B2     15B2       29     2B64       0
                text12                              3E4      3E4      345        8       0
                text11                              DA8      DA8      258     1B50       0
                text10                             1569     1569       24     2AD2       0
                text9                               896      896       78     112C       0
                text8                              158D     158D       25     2B1A       0
                text7                               729      729       BA        8       0
                text6                              1517     1517        D     2A2E       0
                text5                              168B     168B       56     2D16       0
                text4                                3D       3D      3A7        8       0
                text3                               B9E      B9E       FB     173C       0
                text2                               9B2      9B2       F6     1364       0
                text1                               AA8      AA8       F6     1550       0
                maintext                            C99      C99      10F     1932       0
                cstackBANK0                          20       20       41       20       1
                cstackCOMMON                         70       70        A       70       1
                inittext                           1536     1536       13     2A6C       0
                dataBANK1                            A0       A0       12       A0       1
                bssBANK1                             B2       B2        4       A0       1
                dataBANK0                            6F       6F        1       20       1
                bssBANK0                             61       61        C       20       1
                bssCOMMON                            7A       7A        2       70       1
                stringtext                         1000     1000      14B       20       0
                strings                            114B     114B       12     2296       0
                nvBANK0                              6D       6D        2       20       1
                idataBANK1                         1524     1524       12     2A48       0
                idataBANK0                          7FF      7FF        1        8       0

TOTAL           Name                               Link     Load   Length     Space
        CLASS   CODE           
                end_init                              C        C        3         0
                cinit                                 F        F       2E         0
                intentry                              4        4        8         0
                reset_vec                             0        0        3         0
                text27                             160A     160A       3A         0
                text26                             1549     1549       20         0
                text25                             1644     1644       47         0
                text24                             14FF     14FF        B         0
                text23                              7F9      7F9        6         0
                text22                             150A     150A        D         0
                text21                              7E3      7E3       16         0
                text20                             15DB     15DB       2F         0
                text19                              809      809       15         0
                text18                              81E      81E       78         0
                text17                             173A     173A       5F         0
                text16                             1799     1799       67         0
                text15                             16E1     16E1       59         0
                text14                              90E      90E       A4         0
                text13                             15B2     15B2       29         0
                text12                              3E4      3E4      345         0
                text11                              DA8      DA8      258         0
                text10                             1569     1569       24         0
                text9                               896      896       78         0
                text8                              158D     158D       25         0
                text7                               729      729       BA         0
                text6                              1517     1517        D         0
                text5                              168B     168B       56         0
                text4                                3D       3D      3A7         0
                text3                               B9E      B9E       FB         0
                text2                               9B2      9B2       F6         0
                text1                               AA8      AA8       F6         0
                maintext                            C99      C99      10F         0
                inittext                           1536     1536       13         0
                idataBANK1                         1524     1524       12         0
                idataBANK0                          7FF      7FF        1         0

        CLASS   STRCODE        
                stringtext                         1000     1000      14B         0

        CLASS   STRING         
                strings                            114B     114B       12         0

        CLASS   CONST          

        CLASS   ENTRY          

        CLASS   COMMON         
                cstackCOMMON                         70       70        A         1
                bssCOMMON                            7A       7A        2         1

        CLASS   BANK0          
                cstackBANK0                          20       20       41         1
                dataBANK0                            6F       6F        1         1
                bssBANK0                             61       61        C         1
                nvBANK0                              6D       6D        2         1

        CLASS   BANK1          
                dataBANK1                            A0       A0       12         1
                bssBANK1                             B2       B2        4         1

        CLASS   BANK2          

        CLASS   BANK3          

        CLASS   RAM            

        CLASS   ABS1           
                abs_s1                               7E       7E        2         1

        CLASS   SFR0           

        CLASS   SFR1           

        CLASS   SFR2           

        CLASS   SFR3           

        CLASS   CONFIG         

        CLASS   IDLOC          

        CLASS   EEDATA         

        CLASS   HEAP           

        CLASS   STACK          



SEGMENTS        Name                           Load    Length   Top    Selector   Space  Class     Delta

                reset_vec                      000000  000003  000003         0       0  CODE        2
                intentry                       000004  0007FC  000800         8       0  CODE        2
                cstackBANK0                    000020  000050  000070        20       1  BANK0       1
                cstackCOMMON                   000070  00000C  00007C        70       1  COMMON      1
                dataBANK1                      0000A0  000016  0000B6        A0       1  BANK1       1
                text19                         000809  000015  00081E      1012       0  CODE        2
                text18                         00081E  000078  000896      103C       0  CODE        2
                text9                          000896  000078  00090E      112C       0  CODE        2
                text14                         00090E  0000A4  0009B2      121C       0  CODE        2
                text2                          0009B2  0000F6  000AA8      1364       0  CODE        2
                text1                          000AA8  0000F6  000B9E      1550       0  CODE        2
                text3                          000B9E  0000FB  000C99      173C       0  CODE        2
                maintext                       000C99  00010F  000DA8      1932       0  CODE        2
                text11                         000DA8  000258  001000      1B50       0  CODE        2
                stringtext                     001000  00014B  00114B        20       0  STRCODE     2
                strings                        00114B  000012  00115D      2296       0  STRING      2
                text24                         0014FF  00000B  00150A      29FE       0  CODE        2
                text22                         00150A  00000D  001517      2A14       0  CODE        2
                text6                          001517  00000D  001524      2A2E       0  CODE        2
                idataBANK1                     001524  000012  001536      2A48       0  CODE        2
                inittext                       001536  000013  001549      2A6C       0  CODE        2
                text26                         001549  000020  001569      2A92       0  CODE        2
                text10                         001569  000024  00158D      2AD2       0  CODE        2
                text8                          00158D  000025  0015B2      2B1A       0  CODE        2
                text13                         0015B2  000029  0015DB      2B64       0  CODE        2
                text20                         0015DB  00002F  00160A      2BB6       0  CODE        2
                text27                         00160A  00003A  001644      2C14       0  CODE        2
                text25                         001644  000047  00168B      2C88       0  CODE        2
                text5                          00168B  000056  0016E1      2D16       0  CODE        2
                text15                         0016E1  000059  00173A      2DC2       0  CODE        2
                text17                         00173A  00005F  001799      2E74       0  CODE        2
                text16                         001799  000067  001800      2F32       0  CODE        2


UNUSED ADDRESS RANGES

        Name                Unused          Largest block    Delta
        BANK1            00B6-00EF             3A           1
        BANK2            0110-016F             60           1
        BANK3            0190-01EF             60           1
        CODE             0003-0003              1           2
                         0800-0808              9
                         115D-14FE            3A2
                         1800-1FFF            800
        COMMON           007C-007D              2           1
        CONFIG           2007-2007              1           2
        CONST            0003-0003              1           2
                         0800-0808              9
                         115D-14FE            100
                         1800-1FFF            100
        EEDATA           2100-21FF            100           2
        ENTRY            0003-0003              1           2
                         0800-0808              9
                         115D-14FE            100
                         1800-1FFF            100
        IDLOC            2000-2003              4           2
        RAM              00B6-00EF             3A           1
                         0110-016F             60
                         0190-01EF             60
        SFR0             0000-001F             20           1
        SFR1             0080-009F             20           1
        SFR2             0100-010F             10           1
        SFR3             0180-018F             10           1
        STRCODE          0003-0003              1           2
                         0800-0808              9
                         115D-14FE            3A2
                         1800-1FFF            800
        STRING           0003-0003              1           2
                         0800-0808              9
                         115D-14FE            100
                         1800-1FFF            100

                                  Symbol Table

?__Umul8_16                      cstackCOMMON 0072
?___awdiv                        cstackCOMMON 0072
?___awmod                        cstackCOMMON 0072
?___fladd                        cstackCOMMON 0072
?___flmul                        cstackBANK0  0026
?___flsub                        cstackBANK0  0040
?___fltol                        cstackBANK0  0040
?___wmul                         cstackCOMMON 0072
?___xxtofl                       cstackCOMMON 0072
_GIE                             (abs)        005F
_PEIE                            (abs)        005E
_PORTB                           (abs)        0006
_PORTD                           (abs)        0008
_PR2                             (abs)        0092
_RB0                             (abs)        0030
_RC1                             (abs)        0039
_RC2                             (abs)        003A
_RE1                             (abs)        0049
_RE2                             (abs)        004A
_T2CKPS0                         (abs)        0090
_T2CKPS1                         (abs)        0091
_TMR2IE                          (abs)        0461
_TMR2IF                          (abs)        0061
_TMR2ON                          (abs)        0092
_TRISB                           (abs)        0086
_TRISC1                          (abs)        0439
_TRISC2                          (abs)        043A
_TRISD                           (abs)        0088
_TRISE1                          (abs)        0449
_TRISE2                          (abs)        044A
__H__absolute__                  __absolute__ 0000
__Habs1                          abs1         0000
__Hbank0                         bank0        0000
__Hbank1                         bank1        0000
__Hbank2                         bank2        0000
__Hbank3                         bank3        0000
__HbssBANK0                      bssBANK0     0000
__HbssBANK1                      bssBANK1     0000
__HbssCOMMON                     bssCOMMON    0000
__Hcinit                         cinit        003D
__Hclrtext                       clrtext      0000
__Hcode                          code         0000
__Hcommon                        common       0000
__HcstackBANK0                   cstackBANK0  0000
__HcstackCOMMON                  cstackCOMMON 0000
__HdataBANK0                     dataBANK0    0000
__HdataBANK1                     dataBANK1    0000
__Heeprom_data                   eeprom_data  0000
__Hend_init                      end_init     000F
__Hfunctab                       functab      0000
__Hheap                          heap         0000
__HidataBANK0                    idataBANK0   0000
__HidataBANK1                    idataBANK1   0000
__Hinit                          init         000C
__Hinittext                      inittext     0000
__Hintentry                      intentry     000C
__Hmaintext                      maintext     0000
__HnvBANK0                       nvBANK0      0000
__Hpowerup                       powerup      0000
__Hram                           ram          0000
__Hreset_vec                     reset_vec    0003
__Hsfr0                          sfr0         0000
__Hsfr1                          sfr1         0000
__Hsfr2                          sfr2         0000
__Hsfr3                          sfr3         0000
__Hsivt                          sivt         000C
__Hspace_0                       (abs)        1800
__Hspace_1                       (abs)        00B6
__Hspace_2                       (abs)        0000
__Hspace_3                       (abs)        0000
__Hstack                         stack        0000
__Hstrings                       strings      0000
__Hstringtext                    stringtext   0000
__Htext                          text         0000
__L__absolute__                  __absolute__ 0000
__Labs1                          abs1         0000
__Lbank0                         bank0        0000
__Lbank1                         bank1        0000
__Lbank2                         bank2        0000
__Lbank3                         bank3        0000
__LbssBANK0                      bssBANK0     0000
__LbssBANK1                      bssBANK1     0000
__LbssCOMMON                     bssCOMMON    0000
__Lcinit                         cinit        000F
__Lclrtext                       clrtext      0000
__Lcode                          code         0000
__Lcommon                        common       0000
__LcstackBANK0                   cstackBANK0  0000
__LcstackCOMMON                  cstackCOMMON 0000
__LdataBANK0                     dataBANK0    0000
__LdataBANK1                     dataBANK1    0000
__Leeprom_data                   eeprom_data  0000
__Lend_init                      end_init     000C
__Lfunctab                       functab      0000
__Lheap                          heap         0000
__LidataBANK0                    idataBANK0   0000
__LidataBANK1                    idataBANK1   0000
__Linit                          init         000C
__Linittext                      inittext     0000
__Lintentry                      intentry     0004
__Lmaintext                      maintext     0000
__LnvBANK0                       nvBANK0      0000
__Lpowerup                       powerup      0000
__Lram                           ram          0000
__Lreset_vec                     reset_vec    0000
__Lsfr0                          sfr0         0000
__Lsfr1                          sfr1         0000
__Lsfr2                          sfr2         0000
__Lsfr3                          sfr3         0000
__Lsivt                          sivt         000C
__Lspace_0                       (abs)        0000
__Lspace_1                       (abs)        0000
__Lspace_2                       (abs)        0000
__Lspace_3                       (abs)        0000
__Lstack                         stack        0000
__Lstrings                       strings      0000
__Lstringtext                    stringtext   0000
__Ltext                          text         0000
__S0                             (abs)        1800
__S1                             (abs)        00B6
__S3                             (abs)        0000
__Umul8_16                       text13       15B2
__Umul8_16@multiplicand          cstackCOMMON 0072
__Umul8_16@multiplier            cstackBANK0  0024
__Umul8_16@product               cstackBANK0  0020
__Umul8_16@word_mpld             cstackBANK0  0022
___awdiv                         text16       1799
___awdiv@counter                 cstackCOMMON 0076
___awdiv@dividend                cstackCOMMON 0074
___awdiv@divisor                 cstackCOMMON 0072
___awdiv@quotient                cstackCOMMON 0078
___awdiv@sign                    cstackCOMMON 0077
___awmod                         text15       16E1
___awmod@counter                 cstackCOMMON 0076
___awmod@dividend                cstackCOMMON 0074
___awmod@divisor                 cstackCOMMON 0072
___awmod@sign                    cstackCOMMON 0077
___fladd                         text11       0DA8
___fladd@a                       cstackCOMMON 0076
___fladd@aexp                    cstackBANK0  0029
___fladd@b                       cstackCOMMON 0072
___fladd@bexp                    cstackBANK0  002A
___fladd@grs                     cstackBANK0  002B
___fladd@signs                   cstackBANK0  0028
___flge                          text14       090E
___flge@ff1                      cstackBANK0  0048
___flge@ff2                      cstackBANK0  004C
___flmul                         text12       03E4
___flmul@a                       cstackBANK0  002A
___flmul@aexp                    cstackBANK0  0034
___flmul@b                       cstackBANK0  0026
___flmul@bexp                    cstackBANK0  0039
___flmul@grs                     cstackBANK0  0035
___flmul@prod                    cstackBANK0  003A
___flmul@sign                    cstackBANK0  0033
___flmul@temp                    cstackBANK0  003E
___flsub                         text10       1569
___flsub@a                       cstackBANK0  0040
___flsub@b                       cstackBANK0  0044
___fltol                         text9        0896
___fltol@exp1                    cstackBANK0  0049
___fltol@f1                      cstackBANK0  0040
___fltol@sign1                   cstackBANK0  0048
___heap_hi                       (abs)        0000
___heap_lo                       (abs)        0000
___int_sp                        stack        0000
___int_stack_hi                  stack        0000
___int_stack_lo                  stack        0000
___latbits                       (abs)        0002
___sp                            stack        0000
___stack_hi                      stack        0000
___stack_lo                      stack        0000
___stackhi                       (abs)        0000
___stacklo                       (abs)        0000
___wmul                          text8        158D
___wmul@multiplicand             cstackCOMMON 0074
___wmul@multiplier               cstackCOMMON 0072
___wmul@product                  cstackCOMMON 0076
___xxtofl                        text7        0729
___xxtofl@arg                    cstackBANK0  0022
___xxtofl@exp                    cstackBANK0  0021
___xxtofl@sign                   cstackBANK0  0020
___xxtofl@val                    cstackCOMMON 0072
__end_of__Umul8_16               text13       15DB
__end_of___awdiv                 text16       1800
__end_of___awmod                 text15       173A
__end_of___fladd                 text11       1000
__end_of___flge                  text14       09B2
__end_of___flmul                 text12       0729
__end_of___flsub                 text10       158D
__end_of___fltol                 text9        090E
__end_of___wmul                  text8        15B2
__end_of___xxtofl                text7        07E3
__end_of__initialization         cinit        0039
__end_of__stringtab              strings      115D
__end_of_clcd_print              text20       160A
__end_of_clcd_putch              text19       081E
__end_of_clcd_write              text26       1569
__end_of_clear_screen            text6        1524
__end_of_door_status_check       text5        16E1
__end_of_init_clcd               text24       150A
__end_of_init_config             text21       07F9
__end_of_init_digital_keypad     text23       07FF
__end_of_init_display_controller text25       168B
__end_of_init_timer2             text22       1517
__end_of_isr                     text27       1644
__end_of_main                    maintext     0DA8
__end_of_power_on_screen         text18       0896
__end_of_read_digital_keypad     text17       1799
__end_of_run_program             text4        03E4
__end_of_set_time_for_program    text3        0C99
__end_of_washing_program_display text2        0AA8
__end_of_water_level_display     text1        0B9E
__initialization                 cinit        000F
__pbssBANK0                      bssBANK0     0061
__pbssBANK1                      bssBANK1     00B2
__pbssCOMMON                     bssCOMMON    007A
__pcstackBANK0                   cstackBANK0  0020
__pcstackCOMMON                  cstackCOMMON 0070
__pdataBANK0                     dataBANK0    006F
__pdataBANK1                     dataBANK1    00A0
__pidataBANK0                    idataBANK0   07FF
__pidataBANK1                    idataBANK1   1524
__pintentry                      intentry     0004
__pmaintext                      maintext     0C99
__pnvBANK0                       nvBANK0      006D
__pstrings                       strings      114B
__pstringtext                    stringtext   1000
__ptext1                         text1        0AA8
__ptext10                        text10       1569
__ptext11                        text11       0DA8
__ptext12                        text12       03E4
__ptext13                        text13       15B2
__ptext14                        text14       090E
__ptext15                        text15       16E1
__ptext16                        text16       1799
__ptext17                        text17       173A
__ptext18                        text18       081E
__ptext19                        text19       0809
__ptext2                         text2        09B2
__ptext20                        text20       15DB
__ptext21                        text21       07E3
__ptext22                        text22       150A
__ptext23                        text23       07F9
__ptext24                        text24       14FF
__ptext25                        text25       1644
__ptext26                        text26       1549
__ptext27                        text27       160A
__ptext3                         text3        0B9E
__ptext4                         text4        003D
__ptext5                         text5        168B
__ptext6                         text6        1517
__ptext7                         text7        0729
__ptext8                         text8        158D
__ptext9                         text9        0896
__stringbase                     strings      115D
__stringtab                      strings      114B
_clcd_print                      text20       15DB
_clcd_putch                      text19       0809
_clcd_write                      text26       1549
_clear_screen                    text6        1517
_door_status_check               text5        168B
_init_clcd                       text24       14FF
_init_config                     text21       07E3
_init_digital_keypad             text23       07F9
_init_display_controller         text25       1644
_init_timer2                     text22       150A
_isr                             text27       160A
_main                            maintext     0C99
_min                             bssBANK0     006B
_operation_mode                  nvBANK0      006E
_power_on_screen                 text18       081E
_program_no                      bssCOMMON    007B
_read_digital_keypad             text17       173A
_reset_mode                      nvBANK0      006D
_rinse_time                      bssBANK0     0065
_run_program                     text4        003D
_sec                             bssBANK0     006C
_set_time_for_program            text3        0B9E
_spin_time                       bssBANK1     00B4
_wash_time                       bssBANK0     0067
_washing_prog                    dataBANK1    00AA
_washing_program_display         text2        09B2
_water_level_arr                 dataBANK1    00A0
_water_level_display             text1        0AA8
_water_level_index               bssCOMMON    007A
btemp                            (abs)        007E
clcd_print@addr                  cstackCOMMON 0078
clcd_print@str                   cstackCOMMON 0076
clcd_putch@addr                  cstackBANK0  0020
clcd_putch@data                  cstackBANK0  0021
clcd_write@byte                  cstackCOMMON 0075
clcd_write@mode                  cstackCOMMON 0072
end_of_initialization            cinit        0039
init_fetch0                      inittext     1536
init_ram0                        inittext     153A
interrupt_function               intentry     0004
intlevel0                        functab      0000
intlevel1                        functab      0000
intlevel2                        functab      0000
intlevel3                        functab      0000
intlevel4                        functab      0000
intlevel5                        functab      0000
isr@count                        bssBANK1     00B2
main@j                           cstackBANK0  005C
main@j_131                       cstackBANK0  005E
main@key                         cstackBANK0  0060
power_on_screen@i                cstackBANK0  0025
power_on_screen@i_140            cstackBANK0  0026
read_digital_keypad@longpress    bssBANK0     0069
read_digital_keypad@mode         cstackCOMMON 0073
read_digital_keypad@once         dataBANK0    006F
read_digital_keypad@pre_key      bssBANK0     006A
reset_vec                        reset_vec    0000
run_program@key                  cstackBANK0  005B
run_program@time                 bssBANK0     0061
run_program@total_time           bssBANK0     0063
saved_w                          (abs)        007E
start                            init         000C
start_initialization             cinit        000F
washing_program_display@key      cstackBANK0  0024
water_level_display@key          cstackBANK0  0024
wtemp0                           (abs)        007E


MODULE INFORMATION

Module		Function		Class		Link	Load	Size
C:\Program Files\Microchip\xc8\v2.46\pic\sources\c99\common\fltol.c
		___fltol       		CODE           	0896	0000	120

C:\Program Files\Microchip\xc8\v2.46\pic\sources\c99\common\fltol.c estimated size: 120

C:\Program Files\Microchip\xc8\v2.46\pic\sources\c99\common\Umul8_16.c
		__Umul8_16     		CODE           	15B2	0000	41

C:\Program Files\Microchip\xc8\v2.46\pic\sources\c99\common\Umul8_16.c estimated size: 41

timers.c
		_init_timer2   		CODE           	150A	0000	13

timers.c estimated size: 13

digital_keypad.c
		_init_digital_keypad		CODE           	07F9	0000	6
		_read_digital_keypad		CODE           	173A	0000	95

digital_keypad.c estimated size: 101

C:\Program Files\Microchip\xc8\v2.46\pic\sources\c99\common\awdiv.c
		___awdiv       		CODE           	1799	0000	103

C:\Program Files\Microchip\xc8\v2.46\pic\sources\c99\common\awdiv.c estimated size: 103

C:\Program Files\Microchip\xc8\v2.46\pic\sources\c99\common\xxtofl.c
		___xxtofl      		CODE           	0729	0000	186

C:\Program Files\Microchip\xc8\v2.46\pic\sources\c99\common\xxtofl.c estimated size: 186

C:\Program Files\Microchip\xc8\v2.46\pic\sources\c99\common\sprcmul.c
		___flmul       		CODE           	03E4	0000	837

C:\Program Files\Microchip\xc8\v2.46\pic\sources\c99\common\sprcmul.c estimated size: 837

isr.c
		_isr           		CODE           	160A	0000	58

isr.c estimated size: 58

shared
		__stringtab    		STRING         	114B	0000	18
		__initialization		CODE           	000F	0000	42

shared estimated size: 60

C:\Program Files\Microchip\xc8\v2.46\pic\sources\c99\common\Umul16.c
		___wmul        		CODE           	158D	0000	37

C:\Program Files\Microchip\xc8\v2.46\pic\sources\c99\common\Umul16.c estimated size: 37

clcd.c
		_clcd_write    		CODE           	1549	0000	32
		_clcd_print    		CODE           	15DB	0000	47
		_clcd_putch    		CODE           	0809	0000	21
		_init_display_controller		CODE           	1644	0000	71
		_init_clcd     		CODE           	14FF	0000	11

clcd.c estimated size: 182

C:\Program Files\Microchip\xc8\v2.46\pic\sources\c99\common\sprcadd.c
		___flsub       		CODE           	1569	0000	36
		___fladd       		CODE           	0DA8	0000	600

C:\Program Files\Microchip\xc8\v2.46\pic\sources\c99\common\sprcadd.c estimated size: 636

C:\Program Files\Microchip\xc8\v2.46\pic\sources\c99\common\awmod.c
		___awmod       		CODE           	16E1	0000	89

C:\Program Files\Microchip\xc8\v2.46\pic\sources\c99\common\awmod.c estimated size: 89

main.c
		_door_status_check		CODE           	168B	0000	86
		_washing_program_display		CODE           	09B2	0000	246
		_main          		CODE           	0C99	0000	271
		_water_level_display		CODE           	0AA8	0000	246
		_run_program   		CODE           	003D	0000	935
		_clear_screen  		CODE           	1517	0000	13
		_power_on_screen		CODE           	081E	0000	120
		_init_config   		CODE           	07E3	0000	22
		_set_time_for_program		CODE           	0B9E	0000	251

main.c estimated size: 2190

C:\Program Files\Microchip\xc8\v2.46\pic\sources\c99\common\flge.c
		___flge        		CODE           	090E	0000	164

C:\Program Files\Microchip\xc8\v2.46\pic\sources\c99\common\flge.c estimated size: 164

